F........F.F                                                             [100%]
=================================== FAILURES ===================================
_____________________ test_complete_evidence_produces_pass _____________________

tmp_path = PosixPath('/private/var/folders/n7/d9fklwtj0qdf0lhcz_pgvrg80000gn/T/pytest-of-ASUS/pytest-588/test_complete_evidence_produce0')

    def test_complete_evidence_produces_pass(tmp_path) -> None:
        verdict = GateArbiter(require_workbuddy=True).decide(passing_manifest(tmp_path))
    
>       assert verdict["verdict"] == "PASS"
E       AssertionError: assert 'STOP' == 'PASS'
E         
E         - PASS
E         + STOP

tests/unit/test_arbiter.py:117: AssertionError
_______________________ test_skipped_junit_test_is_stop ________________________

tmp_path = PosixPath('/private/var/folders/n7/d9fklwtj0qdf0lhcz_pgvrg80000gn/T/pytest-of-ASUS/pytest-588/test_skipped_junit_test_is_sto0')

    def test_skipped_junit_test_is_stop(tmp_path) -> None:
        manifest = passing_manifest(tmp_path)
        junit = Path(manifest["test_commands"][0]["junit_path"])
        junit.write_text(
            '<testsuites tests="48" failures="0" errors="0" skipped="1"></testsuites>',
            encoding="utf-8",
        )
        manifest["evidence_paths"][str(junit)] = hashlib.sha256(junit.read_bytes()).hexdigest()
    
        verdict = GateArbiter(require_workbuddy=True).decide(manifest)
    
        assert verdict["verdict"] == "STOP"
>       assert any("skipped" in failure for failure in verdict["failures"])
E       assert False
E        +  where False = any(<generator object test_skipped_junit_test_is_stop.<locals>.<genexpr> at 0x10b7b1cb0>)

tests/unit/test_arbiter.py:183: AssertionError
________________ test_candidate_mode_does_not_require_workbuddy ________________

tmp_path = PosixPath('/private/var/folders/n7/d9fklwtj0qdf0lhcz_pgvrg80000gn/T/pytest-of-ASUS/pytest-588/test_candidate_mode_does_not_r0')

    def test_candidate_mode_does_not_require_workbuddy(tmp_path) -> None:
        manifest = passing_manifest(tmp_path)
        manifest.pop("workbuddy_review")
    
        verdict = GateArbiter(require_workbuddy=False).decide(manifest)
    
>       assert verdict["verdict"] == "PASS"
E       AssertionError: assert 'STOP' == 'PASS'
E         
E         - PASS
E         + STOP

tests/unit/test_arbiter.py:203: AssertionError
=========================== short test summary info ============================
FAILED tests/unit/test_arbiter.py::test_complete_evidence_produces_pass - Ass...
FAILED tests/unit/test_arbiter.py::test_skipped_junit_test_is_stop - assert F...
FAILED tests/unit/test_arbiter.py::test_candidate_mode_does_not_require_workbuddy
3 failed, 9 passed in 2.18s
