FF                                                                       [100%]
=================================== FAILURES ===================================
________ test_logger_records_command_timestamps_output_and_numeric_exit ________

tmp_path = PosixPath('/private/var/folders/n7/d9fklwtj0qdf0lhcz_pgvrg80000gn/T/pytest-of-ASUS/pytest-596/test_logger_records_command_ti0')

    def test_logger_records_command_timestamps_output_and_numeric_exit(tmp_path) -> None:
        command_log = tmp_path / "commands.jsonl"
        stdout_log = tmp_path / "success.log"
        completed = subprocess.run(
            [
                sys.executable,
                str(LOGGER),
                "--name",
                "success",
                "--command-log",
                str(command_log),
                "--output-log",
                str(stdout_log),
                "--",
                sys.executable,
                "-c",
                "print('ok')",
            ],
            cwd=ROOT,
            check=False,
        )
    
>       record = json.loads(command_log.read_text(encoding="utf-8"))
                            ^^^^^^^^^^^^^^^^^^^^^^^^^^^^^^^^^^^^^^^

tests/unit/test_command_logger.py:35: 
_ _ _ _ _ _ _ _ _ _ _ _ _ _ _ _ _ _ _ _ _ _ _ _ _ _ _ _ _ _ _ _ _ _ _ _ _ _ _ _ 
../../.local/share/uv/python/cpython-3.12.13-macos-aarch64-none/lib/python3.12/pathlib.py:1027: in read_text
    with self.open(mode='r', encoding=encoding, errors=errors) as f:
         ^^^^^^^^^^^^^^^^^^^^^^^^^^^^^^^^^^^^^^^^^^^^^^^^^^^^^
_ _ _ _ _ _ _ _ _ _ _ _ _ _ _ _ _ _ _ _ _ _ _ _ _ _ _ _ _ _ _ _ _ _ _ _ _ _ _ _ 

self = PosixPath('/private/var/folders/n7/d9fklwtj0qdf0lhcz_pgvrg80000gn/T/pytest-of-ASUS/pytest-596/test_logger_records_command_ti0/commands.jsonl')
mode = 'r', buffering = -1, encoding = 'utf-8', errors = None, newline = None

    def open(self, mode='r', buffering=-1, encoding=None,
             errors=None, newline=None):
        """
        Open the file pointed to by this path and return a file object, as
        the built-in open() function does.
        """
        if "b" not in mode:
            encoding = io.text_encoding(encoding)
>       return io.open(self, mode, buffering, encoding, errors, newline)
               ^^^^^^^^^^^^^^^^^^^^^^^^^^^^^^^^^^^^^^^^^^^^^^^^^^^^^^^^^
E       FileNotFoundError: [Errno 2] No such file or directory: '/private/var/folders/n7/d9fklwtj0qdf0lhcz_pgvrg80000gn/T/pytest-of-ASUS/pytest-596/test_logger_records_command_ti0/commands.jsonl'

../../.local/share/uv/python/cpython-3.12.13-macos-aarch64-none/lib/python3.12/pathlib.py:1013: FileNotFoundError
----------------------------- Captured stderr call -----------------------------
/Users/ASUS/Desktop/global-quant/.venv/bin/python: can't open file '/Users/ASUS/Desktop/global-quant/scripts/run_logged.py': [Errno 2] No such file or directory
______________________ test_logger_preserves_nonzero_exit ______________________

tmp_path = PosixPath('/private/var/folders/n7/d9fklwtj0qdf0lhcz_pgvrg80000gn/T/pytest-of-ASUS/pytest-596/test_logger_preserves_nonzero_0')

    def test_logger_preserves_nonzero_exit(tmp_path) -> None:
        command_log = tmp_path / "commands.jsonl"
        stdout_log = tmp_path / "failure.log"
        completed = subprocess.run(
            [
                sys.executable,
                str(LOGGER),
                "--name",
                "failure",
                "--command-log",
                str(command_log),
                "--output-log",
                str(stdout_log),
                "--",
                sys.executable,
                "-c",
                "raise SystemExit(3)",
            ],
            cwd=ROOT,
            check=False,
        )
    
>       record = json.loads(command_log.read_text(encoding="utf-8"))
                            ^^^^^^^^^^^^^^^^^^^^^^^^^^^^^^^^^^^^^^^

tests/unit/test_command_logger.py:67: 
_ _ _ _ _ _ _ _ _ _ _ _ _ _ _ _ _ _ _ _ _ _ _ _ _ _ _ _ _ _ _ _ _ _ _ _ _ _ _ _ 
../../.local/share/uv/python/cpython-3.12.13-macos-aarch64-none/lib/python3.12/pathlib.py:1027: in read_text
    with self.open(mode='r', encoding=encoding, errors=errors) as f:
         ^^^^^^^^^^^^^^^^^^^^^^^^^^^^^^^^^^^^^^^^^^^^^^^^^^^^^
_ _ _ _ _ _ _ _ _ _ _ _ _ _ _ _ _ _ _ _ _ _ _ _ _ _ _ _ _ _ _ _ _ _ _ _ _ _ _ _ 

self = PosixPath('/private/var/folders/n7/d9fklwtj0qdf0lhcz_pgvrg80000gn/T/pytest-of-ASUS/pytest-596/test_logger_preserves_nonzero_0/commands.jsonl')
mode = 'r', buffering = -1, encoding = 'utf-8', errors = None, newline = None

    def open(self, mode='r', buffering=-1, encoding=None,
             errors=None, newline=None):
        """
        Open the file pointed to by this path and return a file object, as
        the built-in open() function does.
        """
        if "b" not in mode:
            encoding = io.text_encoding(encoding)
>       return io.open(self, mode, buffering, encoding, errors, newline)
               ^^^^^^^^^^^^^^^^^^^^^^^^^^^^^^^^^^^^^^^^^^^^^^^^^^^^^^^^^
E       FileNotFoundError: [Errno 2] No such file or directory: '/private/var/folders/n7/d9fklwtj0qdf0lhcz_pgvrg80000gn/T/pytest-of-ASUS/pytest-596/test_logger_preserves_nonzero_0/commands.jsonl'

../../.local/share/uv/python/cpython-3.12.13-macos-aarch64-none/lib/python3.12/pathlib.py:1013: FileNotFoundError
----------------------------- Captured stderr call -----------------------------
/Users/ASUS/Desktop/global-quant/.venv/bin/python: can't open file '/Users/ASUS/Desktop/global-quant/scripts/run_logged.py': [Errno 2] No such file or directory
=========================== short test summary info ============================
FAILED tests/unit/test_command_logger.py::test_logger_records_command_timestamps_output_and_numeric_exit
FAILED tests/unit/test_command_logger.py::test_logger_preserves_nonzero_exit
2 failed in 0.06s
