..............FFFF..F...                                                 [100%]
=================================== FAILURES ===================================
__ test_sigkill_recovery_is_durable_idempotent_and_order_unique[partial_fill] __

tmp_path = PosixPath('/private/var/folders/n7/d9fklwtj0qdf0lhcz_pgvrg80000gn/T/pytest-of-ASUS/pytest-567/test_sigkill_recovery_is_durab3')
phase = 'partial_fill'

    @pytest.mark.parametrize("phase", CRASH_POINTS)
    def test_sigkill_recovery_is_durable_idempotent_and_order_unique(
        tmp_path,
        phase,
    ) -> None:
        completed = run_worker(tmp_path, phase)
        assert completed.returncode == -signal.SIGKILL
    
        ledger = AppendOnlyLedger(tmp_path / "events.jsonl")
        replayed = EventSourcedCoordinator.replay(
            ledger=ledger,
            initial_wallet=Decimal("10000"),
        )
        before = replayed.business_hash()
        client_order_ids = list(replayed.orders)
    
        for event in ledger.read_all():
            replayed._reduce(event)
    
>       assert replayed.business_hash() == before
E       AssertionError: assert 'bfd45f3343e2...e28fb76af0414' == 'ec9ff7d869a2...5518b84513742'
E         
E         - ec9ff7d869a234483622bea3c2bb1d9aa2fda43a749a5a1c5da5518b84513742
E         + bfd45f3343e291164841b8d5321216d483970e103143e99c049e28fb76af0414

tests/integration/test_crash_recovery.py:70: AssertionError
_ test_sigkill_recovery_is_durable_idempotent_and_order_unique[cancel_requested] _

tmp_path = PosixPath('/private/var/folders/n7/d9fklwtj0qdf0lhcz_pgvrg80000gn/T/pytest-of-ASUS/pytest-567/test_sigkill_recovery_is_durab4')
phase = 'cancel_requested'

    @pytest.mark.parametrize("phase", CRASH_POINTS)
    def test_sigkill_recovery_is_durable_idempotent_and_order_unique(
        tmp_path,
        phase,
    ) -> None:
        completed = run_worker(tmp_path, phase)
        assert completed.returncode == -signal.SIGKILL
    
        ledger = AppendOnlyLedger(tmp_path / "events.jsonl")
        replayed = EventSourcedCoordinator.replay(
            ledger=ledger,
            initial_wallet=Decimal("10000"),
        )
        before = replayed.business_hash()
        client_order_ids = list(replayed.orders)
    
        for event in ledger.read_all():
            replayed._reduce(event)
    
>       assert replayed.business_hash() == before
E       AssertionError: assert 'e762f1204f74...7650f7c6258c5' == 'cc91f68ee3ee...62d60be36a646'
E         
E         - cc91f68ee3eeb045837561c6e05ed640b6743dc461650c075eb62d60be36a646
E         + e762f1204f74210c033b5d53d896854c4558e7c411ea29ac2b87650f7c6258c5

tests/integration/test_crash_recovery.py:70: AssertionError
_ test_sigkill_recovery_is_durable_idempotent_and_order_unique[protection_update] _

tmp_path = PosixPath('/private/var/folders/n7/d9fklwtj0qdf0lhcz_pgvrg80000gn/T/pytest-of-ASUS/pytest-567/test_sigkill_recovery_is_durab5')
phase = 'protection_update'

    @pytest.mark.parametrize("phase", CRASH_POINTS)
    def test_sigkill_recovery_is_durable_idempotent_and_order_unique(
        tmp_path,
        phase,
    ) -> None:
        completed = run_worker(tmp_path, phase)
        assert completed.returncode == -signal.SIGKILL
    
        ledger = AppendOnlyLedger(tmp_path / "events.jsonl")
        replayed = EventSourcedCoordinator.replay(
            ledger=ledger,
            initial_wallet=Decimal("10000"),
        )
        before = replayed.business_hash()
        client_order_ids = list(replayed.orders)
    
        for event in ledger.read_all():
            replayed._reduce(event)
    
>       assert replayed.business_hash() == before
E       AssertionError: assert 'be4ead295710...73fb51cf51ae7' == '19d249b2f361...270f4514aa4c8'
E         
E         - 19d249b2f361d905a0d04ffbbfec35e76f0052f1b2b1730df23270f4514aa4c8
E         + be4ead295710ba82f2c01862a3633cf3e813d2ab67c89ee4a7473fb51cf51ae7

tests/integration/test_crash_recovery.py:70: AssertionError
_ test_sigkill_recovery_is_durable_idempotent_and_order_unique[ledger_before_checkpoint] _

tmp_path = PosixPath('/private/var/folders/n7/d9fklwtj0qdf0lhcz_pgvrg80000gn/T/pytest-of-ASUS/pytest-567/test_sigkill_recovery_is_durab6')
phase = 'ledger_before_checkpoint'

    @pytest.mark.parametrize("phase", CRASH_POINTS)
    def test_sigkill_recovery_is_durable_idempotent_and_order_unique(
        tmp_path,
        phase,
    ) -> None:
        completed = run_worker(tmp_path, phase)
        assert completed.returncode == -signal.SIGKILL
    
        ledger = AppendOnlyLedger(tmp_path / "events.jsonl")
        replayed = EventSourcedCoordinator.replay(
            ledger=ledger,
            initial_wallet=Decimal("10000"),
        )
        before = replayed.business_hash()
        client_order_ids = list(replayed.orders)
    
        for event in ledger.read_all():
            replayed._reduce(event)
    
>       assert replayed.business_hash() == before
E       AssertionError: assert '84b9cd644723...8a164efdb5ccc' == '9b14df09128c...73c4dadfc7343'
E         
E         - 9b14df09128c99bc18e0491db4ba06be765b8a253c8bac5b75e73c4dadfc7343
E         + 84b9cd644723928c14030f748034975d74cb06eeaca93ed68078a164efdb5ccc

tests/integration/test_crash_recovery.py:70: AssertionError
_ test_sigkill_recovery_is_durable_idempotent_and_order_unique[sibling_cancel_unpersisted] _

tmp_path = PosixPath('/private/var/folders/n7/d9fklwtj0qdf0lhcz_pgvrg80000gn/T/pytest-of-ASUS/pytest-567/test_sigkill_recovery_is_durab9')
phase = 'sibling_cancel_unpersisted'

    @pytest.mark.parametrize("phase", CRASH_POINTS)
    def test_sigkill_recovery_is_durable_idempotent_and_order_unique(
        tmp_path,
        phase,
    ) -> None:
        completed = run_worker(tmp_path, phase)
        assert completed.returncode == -signal.SIGKILL
    
        ledger = AppendOnlyLedger(tmp_path / "events.jsonl")
        replayed = EventSourcedCoordinator.replay(
            ledger=ledger,
            initial_wallet=Decimal("10000"),
        )
        before = replayed.business_hash()
        client_order_ids = list(replayed.orders)
    
        for event in ledger.read_all():
            replayed._reduce(event)
    
>       assert replayed.business_hash() == before
E       AssertionError: assert '84b9cd644723...8a164efdb5ccc' == '9b14df09128c...73c4dadfc7343'
E         
E         - 9b14df09128c99bc18e0491db4ba06be765b8a253c8bac5b75e73c4dadfc7343
E         + 84b9cd644723928c14030f748034975d74cb06eeaca93ed68078a164efdb5ccc

tests/integration/test_crash_recovery.py:70: AssertionError
=========================== short test summary info ============================
FAILED tests/integration/test_crash_recovery.py::test_sigkill_recovery_is_durable_idempotent_and_order_unique[partial_fill]
FAILED tests/integration/test_crash_recovery.py::test_sigkill_recovery_is_durable_idempotent_and_order_unique[cancel_requested]
FAILED tests/integration/test_crash_recovery.py::test_sigkill_recovery_is_durable_idempotent_and_order_unique[protection_update]
FAILED tests/integration/test_crash_recovery.py::test_sigkill_recovery_is_durable_idempotent_and_order_unique[ledger_before_checkpoint]
FAILED tests/integration/test_crash_recovery.py::test_sigkill_recovery_is_durable_idempotent_and_order_unique[sibling_cancel_unpersisted]
5 failed, 19 passed in 1.81s
