F                                                                        [100%]
=================================== FAILURES ===================================
___ test_same_strategy_source_runs_real_nautilus_backtest_and_finishes_flat ____

tmp_path = PosixPath('/private/var/folders/n7/d9fklwtj0qdf0lhcz_pgvrg80000gn/T/pytest-of-ASUS/pytest-586/test_same_strategy_source_runs0')

    def test_same_strategy_source_runs_real_nautilus_backtest_and_finishes_flat(
        tmp_path,
    ) -> None:
        btc = TestInstrumentProvider.btcusdt_perp_binance()
        eth = TestInstrumentProvider.ethusdt_perp_binance()
        btc_bar_type = BarType.from_str(
            "BTCUSDT-PERP.BINANCE-1-MINUTE-LAST-EXTERNAL",
        )
        eth_bar_type = BarType.from_str(
            "ETHUSDT-PERP.BINANCE-1-MINUTE-LAST-EXTERNAL",
        )
    
        engine = BacktestEngine(
            config=BacktestEngineConfig(
                logging=LoggingConfig(log_level="ERROR"),
            ),
        )
        engine.add_venue(
            venue=Venue("BINANCE"),
            oms_type=OmsType.NETTING,
            account_type=AccountType.MARGIN,
            starting_balances=[Money(10_000, USDT)],
            base_currency=USDT,
            default_leverage=Decimal("1"),
        )
        engine.add_instrument(btc)
        engine.add_instrument(eth)
        engine.add_data(make_bars(btc, btc_bar_type, 50_000.0))
        engine.add_data(make_bars(eth, eth_bar_type, 3_000.0))
    
        ledger_path = tmp_path / "nautilus-events.jsonl"
        strategy = FixedTargetStrategy(
            FixedTargetConfig(
                btc_instrument_id=btc.id,
                eth_instrument_id=eth.id,
                btc_bar_type=btc_bar_type,
                eth_bar_type=eth_bar_type,
                btc_quantity=Decimal("0.001"),
                eth_quantity=Decimal("0.01"),
                decision_interval_bars=2,
                ledger_path=str(ledger_path),
                initial_wallet=Decimal("10000"),
                source_hash="source-hash",
                config_hash="config-hash",
            ),
        )
        engine.add_strategy(strategy)
    
        engine.run()
    
        ledger = AppendOnlyLedger(ledger_path)
        replayed = EventSourcedCoordinator.replay(
            ledger=ledger,
            initial_wallet=Decimal("10000"),
        )
        replayed.assert_invariants()
        assert replayed.position(str(btc.id)).quantity == 0
        assert replayed.position(str(eth.id)).quantity == 0
        assert len(replayed.decisions) == 10
        assert {order.side for order in replayed.orders.values()} == {"BUY", "SELL"}
>       assert any(order.role == "REVERSAL_CLOSE" for order in replayed.orders.values())
E       assert False
E        +  where False = any(<generator object test_same_strategy_source_runs_real_nautilus_backtest_and_finishes_flat.<locals>.<genexpr> at 0x130e02b50>)

tests/integration/test_nautilus_backtest.py:100: AssertionError
=============================== warnings summary ===============================
tests/integration/test_nautilus_backtest.py::test_same_strategy_source_runs_real_nautilus_backtest_and_finishes_flat
tests/integration/test_nautilus_backtest.py::test_same_strategy_source_runs_real_nautilus_backtest_and_finishes_flat
  /Users/ASUS/Desktop/global-quant/tests/integration/test_nautilus_backtest.py:37: ChainedAssignmentError: A value is being set on a copy of a DataFrame or Series through chained assignment.
  Such chained assignment never works to update the original DataFrame or Series, because the intermediate object on which we are setting values always behaves as a copy (due to Copy-on-Write).
  
  Try using '.loc[row_indexer, col_indexer] = value' instead, to perform the assignment in a single step.
  
  See the documentation for a more detailed explanation: https://pandas.pydata.org/pandas-docs/stable/user_guide/copy_on_write.html#chained-assignment
    return BarDataWrangler(bar_type, instrument).process(frame)

tests/integration/test_nautilus_backtest.py::test_same_strategy_source_runs_real_nautilus_backtest_and_finishes_flat
tests/integration/test_nautilus_backtest.py::test_same_strategy_source_runs_real_nautilus_backtest_and_finishes_flat
  /Users/ASUS/Desktop/global-quant/tests/integration/test_nautilus_backtest.py:88: Pandas4Warning: Timestamp.utcnow is deprecated and will be removed in a future version. Use Timestamp.now('UTC') instead.
    engine.run()

-- Docs: https://docs.pytest.org/en/stable/how-to/capture-warnings.html
=========================== short test summary info ============================
FAILED tests/integration/test_nautilus_backtest.py::test_same_strategy_source_runs_real_nautilus_backtest_and_finishes_flat
1 failed, 4 warnings in 0.81s
