........................FF..................................             [100%]
=================================== FAILURES ===================================
_________ test_os_sandbox_blocks_raw_socket_without_python_guard[ipv4] _________

family = 'ipv4'

    @pytest.mark.parametrize("family", ["ipv4", "ipv6"])
    def test_os_sandbox_blocks_raw_socket_without_python_guard(family) -> None:
        completed = subprocess.run(
            [
                str(RUN_OFFLINE),
                "--without-python-guard",
                str(ROOT / ".venv" / "bin" / "python"),
                str(PROBE),
                f"os-{family}",
            ],
            cwd=ROOT,
            capture_output=True,
            text=True,
            timeout=20,
            check=False,
        )
    
>       assert completed.returncode == 0
E       assert 1 == 0
E        +  where 1 = CompletedProcess(args=['/Users/ASUS/Desktop/global-quant/scripts/run_offline.sh', '--without-python-guard', '/Users/AS...network call: {call}")\nsitecustomize.OfflineNetworkViolation: offline gate blocked network call: socket.connect_ex\n').returncode

tests/integration/test_network_isolation.py:74: AssertionError
_________ test_os_sandbox_blocks_raw_socket_without_python_guard[ipv6] _________

family = 'ipv6'

    @pytest.mark.parametrize("family", ["ipv4", "ipv6"])
    def test_os_sandbox_blocks_raw_socket_without_python_guard(family) -> None:
        completed = subprocess.run(
            [
                str(RUN_OFFLINE),
                "--without-python-guard",
                str(ROOT / ".venv" / "bin" / "python"),
                str(PROBE),
                f"os-{family}",
            ],
            cwd=ROOT,
            capture_output=True,
            text=True,
            timeout=20,
            check=False,
        )
    
>       assert completed.returncode == 0
E       assert 1 == 0
E        +  where 1 = CompletedProcess(args=['/Users/ASUS/Desktop/global-quant/scripts/run_offline.sh', '--without-python-guard', '/Users/AS...network call: {call}")\nsitecustomize.OfflineNetworkViolation: offline gate blocked network call: socket.connect_ex\n').returncode

tests/integration/test_network_isolation.py:74: AssertionError
=============================== warnings summary ===============================
tests/integration/test_nautilus_backtest.py::test_same_strategy_source_runs_real_nautilus_backtest_and_finishes_flat
tests/integration/test_nautilus_backtest.py::test_same_strategy_source_runs_real_nautilus_backtest_and_finishes_flat
  /Users/ASUS/Desktop/global-quant/tests/integration/test_nautilus_backtest.py:37: ChainedAssignmentError: A value is being set on a copy of a DataFrame or Series through chained assignment.
  Such chained assignment never works to update the original DataFrame or Series, because the intermediate object on which we are setting values always behaves as a copy (due to Copy-on-Write).
  
  Try using '.loc[row_indexer, col_indexer] = value' instead, to perform the assignment in a single step.
  
  See the documentation for a more detailed explanation: https://pandas.pydata.org/pandas-docs/stable/user_guide/copy_on_write.html#chained-assignment
    return BarDataWrangler(bar_type, instrument).process(frame)

tests/integration/test_nautilus_backtest.py::test_same_strategy_source_runs_real_nautilus_backtest_and_finishes_flat
tests/integration/test_nautilus_backtest.py::test_same_strategy_source_runs_real_nautilus_backtest_and_finishes_flat
  /Users/ASUS/Desktop/global-quant/tests/integration/test_nautilus_backtest.py:88: Pandas4Warning: Timestamp.utcnow is deprecated and will be removed in a future version. Use Timestamp.now('UTC') instead.
    engine.run()

-- Docs: https://docs.pytest.org/en/stable/how-to/capture-warnings.html
=========================== short test summary info ============================
FAILED tests/integration/test_network_isolation.py::test_os_sandbox_blocks_raw_socket_without_python_guard[ipv4]
FAILED tests/integration/test_network_isolation.py::test_os_sandbox_blocks_raw_socket_without_python_guard[ipv6]
2 failed, 58 passed, 4 warnings in 2.86s
