F                                                                        [100%]
=================================== FAILURES ===================================
__________ test_reversal_target_survives_restart_during_partial_close __________

tmp_path = PosixPath('/private/var/folders/n7/d9fklwtj0qdf0lhcz_pgvrg80000gn/T/pytest-of-ASUS/pytest-594/test_reversal_target_survives_0')

    def test_reversal_target_survives_restart_during_partial_close(tmp_path) -> None:
        ledger = AppendOnlyLedger(tmp_path / "events.jsonl")
        coordinator = EventSourcedCoordinator(
            ledger=ledger,
            initial_wallet=Decimal("10000"),
            strategy_id="gate1a",
            run_id="run-1",
            process_start_id="process-1",
            source_hash="source-hash",
            config_hash="config-hash",
        )
        opening = coordinator.request_target("open", "BTCUSDT-PERP.BINANCE", Decimal("2"))
        assert opening is not None
        coordinator.mark_submitted(opening.client_order_id)
        coordinator.mark_accepted(opening.client_order_id, "venue-open")
        coordinator.apply_fill(
            opening.client_order_id,
            fill_id="open-fill",
            quantity=Decimal("2"),
            price=Decimal("100"),
            fee=Decimal("0.2"),
        )
        closing = coordinator.request_target(
            "reverse",
            "BTCUSDT-PERP.BINANCE",
            Decimal("-1"),
        )
        assert closing is not None
        coordinator.mark_submitted(closing.client_order_id)
        coordinator.mark_accepted(closing.client_order_id, "venue-close")
        coordinator.apply_fill(
            closing.client_order_id,
            fill_id="partial-close",
            quantity=Decimal("1"),
            price=Decimal("99"),
            fee=Decimal("0.099"),
        )
    
        recovered = EventSourcedCoordinator.replay(
            ledger=AppendOnlyLedger(tmp_path / "events.jsonl"),
            initial_wallet=Decimal("10000"),
        )
        recovered.apply_fill(
            closing.client_order_id,
            fill_id="final-close",
            quantity=Decimal("1"),
            price=Decimal("98"),
            fee=Decimal("0.098"),
        )
    
        pending = recovered.active_orders("BTCUSDT-PERP.BINANCE")
>       assert len(pending) == 1
E       assert 0 == 1
E        +  where 0 = len([])

tests/integration/test_crash_recovery.py:171: AssertionError
=========================== short test summary info ============================
FAILED tests/integration/test_crash_recovery.py::test_reversal_target_survives_restart_during_partial_close
1 failed, 13 deselected in 0.06s
